Collecting Django==4.2.7 (from -r requirements.txt (line 2))
  Using cached Django-4.2.7-py3-none-any.whl.metadata (4.1 kB)
Collecting djangorestframework==3.14.0 (from -r requirements.txt (line 3))
  Using cached djangorestframework-3.14.0-py3-none-any.whl.metadata (10 kB)
Collecting django-cors-headers==4.3.0 (from -r requirements.txt (line 4))
  Using cached django_cors_headers-4.3.0-py3-none-any.whl.metadata (16 kB)
Collecting psycopg2-binary==2.9.9 (from -r requirements.txt (line 7))
  Using cached psycopg2_binary-2.9.9-cp312-cp312-win_amd64.whl.metadata (4.6 kB)
Collecting dj-database-url==2.1.0 (from -r requirements.txt (line 8))
  Using cached dj_database_url-2.1.0-py3-none-any.whl.metadata (11 kB)
Collecting djangorestframework-simplejwt==5.3.0 (from -r requirements.txt (line 11))
  Using cached djangorestframework_simplejwt-5.3.0-py3-none-any.whl.metadata (4.3 kB)
Collecting PyJWT==2.8.0 (from -r requirements.txt (line 12))
  Using cached PyJWT-2.8.0-py3-none-any.whl.metadata (4.2 kB)
Collecting drf-yasg==1.21.7 (from -r requirements.txt (line 15))
  Using cached drf_yasg-1.21.7-py3-none-any.whl.metadata (16 kB)
Collecting django-rosetta==0.9.9 (from -r requirements.txt (line 18))
  Using cached django_rosetta-0.9.9-py3-none-any.whl.metadata (2.7 kB)
Collecting django-debug-toolbar==4.2.0 (from -r requirements.txt (line 21))
  Using cached django_debug_toolbar-4.2.0-py3-none-any.whl.metadata (3.8 kB)
Requirement already satisfied: python-decouple==3.8 in c:\users\vekou\appdata\roaming\python\python312\site-packages (from -r requirements.txt (line 22)) (3.8)
Collecting pytest==7.4.3 (from -r requirements.txt (line 25))
  Using cached pytest-7.4.3-py3-none-any.whl.metadata (7.9 kB)
Collecting pytest-django==4.6.0 (from -r requirements.txt (line 26))
  Using cached pytest_django-4.6.0-py3-none-any.whl.metadata (8.2 kB)
Collecting factory-boy==3.3.0 (from -r requirements.txt (line 27))
  Using cached factory_boy-3.3.0-py2.py3-none-any.whl.metadata (15 kB)
Collecting faker==20.0.3 (from -r requirements.txt (line 28))
  Using cached Faker-20.0.3-py3-none-any.whl.metadata (15 kB)
Collecting celery==5.3.4 (from -r requirements.txt (line 31))
  Using cached celery-5.3.4-py3-none-any.whl.metadata (21 kB)
Collecting redis==5.0.1 (from -r requirements.txt (line 32))
  Using cached redis-5.0.1-py3-none-any.whl.metadata (8.9 kB)
Collecting django-celery-beat==2.5.0 (from -r requirements.txt (line 33))
  Using cached django_celery_beat-2.5.0-py3-none-any.whl.metadata (12 kB)
Collecting flower==2.0.1 (from -r requirements.txt (line 34))
  Using cached flower-2.0.1-py2.py3-none-any.whl.metadata (4.5 kB)
Collecting channels==4.0.0 (from -r requirements.txt (line 37))
  Using cached channels-4.0.0-py3-none-any.whl.metadata (1.5 kB)
Collecting daphne==4.0.0 (from -r requirements.txt (line 38))
  Using cached daphne-4.0.0-py3-none-any.whl.metadata (6.4 kB)
Collecting channels-redis==4.1.0 (from -r requirements.txt (line 39))
  Using cached channels_redis-4.1.0-py3-none-any.whl.metadata (10 kB)
Collecting requests==2.31.0 (from -r requirements.txt (line 42))
  Using cached requests-2.31.0-py3-none-any.whl.metadata (4.6 kB)
Collecting cryptography==41.0.7 (from -r requirements.txt (line 43))
  Using cached cryptography-41.0.7-cp37-abi3-win_amd64.whl.metadata (5.3 kB)
Collecting Pillow==10.1.0 (from -r requirements.txt (line 46))
  Using cached Pillow-10.1.0-cp312-cp312-win_amd64.whl.metadata (9.6 kB)
Collecting boto3==1.29.7 (from -r requirements.txt (line 47))
  Using cached boto3-1.29.7-py3-none-any.whl.metadata (6.7 kB)
Collecting django-storages==1.14.2 (from -r requirements.txt (line 48))
  Using cached django_storages-1.14.2-py3-none-any.whl.metadata (63 kB)
Collecting sentry-sdk==1.38.0 (from -r requirements.txt (line 51))
  Using cached sentry_sdk-1.38.0-py2.py3-none-any.whl.metadata (9.7 kB)
Collecting django-prometheus==2.3.1 (from -r requirements.txt (line 52))
  Using cached django_prometheus-2.3.1-py2.py3-none-any.whl.metadata (9.4 kB)
Requirement already satisfied: python-dateutil==2.9.0.post0 in c:\python312\lib\site-packages (from -r requirements.txt (line 55)) (2.9.0.post0)
Collecting pytz==2023.3 (from -r requirements.txt (line 56))
  Using cached pytz-2023.3-py2.py3-none-any.whl.metadata (22 kB)
Collecting django-environ==0.11.2 (from -r requirements.txt (line 57))
  Using cached django_environ-0.11.2-py2.py3-none-any.whl.metadata (11 kB)
Collecting django-redis==5.4.0 (from -r requirements.txt (line 60))
  Using cached django_redis-5.4.0-py3-none-any.whl.metadata (32 kB)
Collecting django-ratelimit==4.1.0 (from -r requirements.txt (line 63))
  Using cached django_ratelimit-4.1.0-py2.py3-none-any.whl.metadata (2.3 kB)
Collecting django-ses==3.5.0 (from -r requirements.txt (line 71))
  Using cached django_ses-3.5.0-py3-none-any.whl.metadata (24 kB)
Collecting sendgrid==6.11.0 (from -r requirements.txt (line 72))
  Using cached sendgrid-6.11.0-py3-none-any.whl.metadata (11 kB)
Collecting django-csp==3.7 (from -r requirements.txt (line 75))
  Using cached django_csp-3.7-py2.py3-none-any.whl.metadata (2.7 kB)
Collecting django-security==1.1.6 (from -r requirements.txt (line 76))
  Using cached django_security-1.1.6-py3-none-any.whl.metadata (6.3 kB)
Collecting django-cachalot==2.6.1 (from -r requirements.txt (line 79))
  Using cached django_cachalot-2.6.1-py3-none-any.whl.metadata (7.0 kB)
Collecting django-silk==5.0.4 (from -r requirements.txt (line 80))
  Using cached django_silk-5.0.4-py3-none-any.whl.metadata (19 kB)
Collecting geopy==2.4.1 (from -r requirements.txt (line 83))
  Using cached geopy-2.4.1-py3-none-any.whl.metadata (6.8 kB)
Collecting django-countries==7.5.1 (from -r requirements.txt (line 84))
  Using cached django_countries-7.5.1-py3-none-any.whl.metadata (31 kB)
Collecting marshmallow==3.20.1 (from -r requirements.txt (line 90))
  Using cached marshmallow-3.20.1-py3-none-any.whl.metadata (7.8 kB)
Collecting django-phonenumber-field==7.2.0 (from -r requirements.txt (line 91))
  Using cached django_phonenumber_field-7.2.0-py3-none-any.whl.metadata (3.1 kB)
Collecting phonenumbers==8.13.26 (from -r requirements.txt (line 92))
  Using cached phonenumbers-8.13.26-py2.py3-none-any.whl.metadata (11 kB)
Collecting django-imagekit==5.0.0 (from -r requirements.txt (line 95))
  Using cached django_imagekit-5.0.0-py3-none-any.whl.metadata (18 kB)
Collecting pilkit==3.0 (from -r requirements.txt (line 96))
  Using cached pilkit-3.0-py3-none-any.whl.metadata (4.0 kB)
Collecting mkdocs==1.5.3 (from -r requirements.txt (line 102))
  Using cached mkdocs-1.5.3-py3-none-any.whl.metadata (6.2 kB)
Collecting mkdocs-material==9.4.14 (from -r requirements.txt (line 103))
  Using cached mkdocs_material-9.4.14-py3-none-any.whl.metadata (16 kB)
Collecting black==23.11.0 (from -r requirements.txt (line 106))
  Using cached black-23.11.0-py3-none-any.whl.metadata (66 kB)
Collecting flake8==6.1.0 (from -r requirements.txt (line 107))
  Using cached flake8-6.1.0-py2.py3-none-any.whl.metadata (3.8 kB)
Collecting isort==5.12.0 (from -r requirements.txt (line 108))
  Using cached isort-5.12.0-py3-none-any.whl.metadata (12 kB)
Collecting pre-commit==3.5.0 (from -r requirements.txt (line 109))
  Using cached pre_commit-3.5.0-py2.py3-none-any.whl.metadata (1.3 kB)
Collecting gunicorn==21.2.0 (from -r requirements.txt (line 112))
  Using cached gunicorn-21.2.0-py3-none-any.whl.metadata (4.1 kB)
Collecting whitenoise==6.6.0 (from -r requirements.txt (line 113))
  Using cached whitenoise-6.6.0-py3-none-any.whl.metadata (3.7 kB)
Collecting django-health-check==3.17.0 (from -r requirements.txt (line 114))
  Using cached django_health_check-3.17.0-py2.py3-none-any.whl.metadata (11 kB)
Collecting firebase-admin==6.3.0 (from -r requirements.txt (line 117))
  Using cached firebase_admin-6.3.0-py3-none-any.whl.metadata (1.4 kB)
Collecting ipython==8.17.2 (from -r requirements.txt (line 120))
  Using cached ipython-8.17.2-py3-none-any.whl.metadata (6.0 kB)
Collecting django-extensions==3.2.3 (from -r requirements.txt (line 121))
  Using cached django_extensions-3.2.3-py3-none-any.whl.metadata (6.3 kB)
Requirement already satisfied: asgiref<4,>=3.6.0 in c:\users\vekou\appdata\roaming\python\python312\site-packages (from Django==4.2.7->-r requirements.txt (line 2)) (3.9.1)
Requirement already satisfied: sqlparse>=0.3.1 in c:\python312\lib\site-packages (from Django==4.2.7->-r requirements.txt (line 2)) (0.5.3)
Requirement already satisfied: tzdata in c:\python312\lib\site-packages (from Django==4.2.7->-r requirements.txt (line 2)) (2025.2)
Requirement already satisfied: typing-extensions>=3.10.0.0 in c:\users\vekou\appdata\roaming\python\python312\site-packages (from dj-database-url==2.1.0->-r requirements.txt (line 8)) (4.14.1)
Requirement already satisfied: pyyaml>=5.1 in c:\users\vekou\appdata\roaming\python\python312\site-packages (from drf-yasg==1.21.7->-r requirements.txt (line 15)) (6.0.2)
Requirement already satisfied: inflection>=0.3.1 in c:\users\vekou\appdata\roaming\python\python312\site-packages (from drf-yasg==1.21.7->-r requirements.txt (line 15)) (0.5.1)
Requirement already satisfied: packaging>=21.0 in c:\users\vekou\appdata\roaming\python\python312\site-packages (from drf-yasg==1.21.7->-r requirements.txt (line 15)) (25.0)
Requirement already satisfied: uritemplate>=3.0.0 in c:\users\vekou\appdata\roaming\python\python312\site-packages (from drf-yasg==1.21.7->-r requirements.txt (line 15)) (4.2.0)
Requirement already satisfied: polib>=1.1.0 in c:\users\vekou\appdata\roaming\python\python312\site-packages (from django-rosetta==0.9.9->-r requirements.txt (line 18)) (1.2.0)
Collecting iniconfig (from pytest==7.4.3->-r requirements.txt (line 25))
  Using cached iniconfig-2.3.0-py3-none-any.whl.metadata (2.5 kB)
Collecting pluggy<2.0,>=0.12 (from pytest==7.4.3->-r requirements.txt (line 25))
  Using cached pluggy-1.6.0-py3-none-any.whl.metadata (4.8 kB)
Requirement already satisfied: colorama in c:\users\vekou\appdata\roaming\python\python312\site-packages (from pytest==7.4.3->-r requirements.txt (line 25)) (0.4.6)
Requirement already satisfied: billiard<5.0,>=4.1.0 in c:\users\vekou\appdata\roaming\python\python312\site-packages (from celery==5.3.4->-r requirements.txt (line 31)) (4.2.1)
Requirement already satisfied: kombu<6.0,>=5.3.2 in c:\users\vekou\appdata\roaming\python\python312\site-packages (from celery==5.3.4->-r requirements.txt (line 31)) (5.5.4)
Requirement already satisfied: vine<6.0,>=5.0.0 in c:\users\vekou\appdata\roaming\python\python312\site-packages (from celery==5.3.4->-r requirements.txt (line 31)) (5.1.0)
Requirement already satisfied: click<9.0,>=8.1.2 in c:\users\vekou\appdata\roaming\python\python312\site-packages (from celery==5.3.4->-r requirements.txt (line 31)) (8.2.1)
Requirement already satisfied: click-didyoumean>=0.3.0 in c:\users\vekou\appdata\roaming\python\python312\site-packages (from celery==5.3.4->-r requirements.txt (line 31)) (0.3.1)
Requirement already satisfied: click-repl>=0.2.0 in c:\users\vekou\appdata\roaming\python\python312\site-packages (from celery==5.3.4->-r requirements.txt (line 31)) (0.3.0)
Requirement already satisfied: click-plugins>=1.1.1 in c:\users\vekou\appdata\roaming\python\python312\site-packages (from celery==5.3.4->-r requirements.txt (line 31)) (1.1.1.2)
Collecting cron-descriptor>=1.2.32 (from django-celery-beat==2.5.0->-r requirements.txt (line 33))
  Using cached cron_descriptor-2.1.0-py3-none-any.whl.metadata (8.1 kB)
Collecting django-timezone-field>=5.0 (from django-celery-beat==2.5.0->-r requirements.txt (line 33))
  Using cached django_timezone_field-7.2.2-py3-none-any.whl.metadata (13 kB)
Collecting python-crontab>=2.3.4 (from django-celery-beat==2.5.0->-r requirements.txt (line 33))
  Using cached python_crontab-3.3.0-py3-none-any.whl.metadata (17 kB)
Collecting tornado<7.0.0,>=5.0.0 (from flower==2.0.1->-r requirements.txt (line 34))
  Using cached tornado-6.5.7-cp39-abi3-win_amd64.whl.metadata (2.9 kB)
Collecting prometheus-client>=0.8.0 (from flower==2.0.1->-r requirements.txt (line 34))
  Using cached prometheus_client-0.25.0-py3-none-any.whl.metadata (2.1 kB)
Collecting humanize (from flower==2.0.1->-r requirements.txt (line 34))
  Using cached humanize-4.16.0-py3-none-any.whl.metadata (8.0 kB)
Requirement already satisfied: twisted>=22.4 in c:\users\vekou\appdata\roaming\python\python312\site-packages (from twisted[tls]>=22.4->daphne==4.0.0->-r requirements.txt (line 38)) (25.5.0)
Requirement already satisfied: autobahn>=22.4.2 in c:\users\vekou\appdata\roaming\python\python312\site-packages (from daphne==4.0.0->-r requirements.txt (line 38)) (25.12.2)
Requirement already satisfied: msgpack~=1.0 in c:\users\vekou\appdata\roaming\python\python312\site-packages (from channels-redis==4.1.0->-r requirements.txt (line 39)) (1.1.1)
Requirement already satisfied: charset-normalizer<4,>=2 in c:\python312\lib\site-packages (from requests==2.31.0->-r requirements.txt (line 42)) (3.4.2)
Requirement already satisfied: idna<4,>=2.5 in c:\python312\lib\site-packages (from requests==2.31.0->-r requirements.txt (line 42)) (3.10)
Requirement already satisfied: urllib3<3,>=1.21.1 in c:\python312\lib\site-packages (from requests==2.31.0->-r requirements.txt (line 42)) (2.5.0)
Requirement already satisfied: certifi>=2017.4.17 in c:\python312\lib\site-packages (from requests==2.31.0->-r requirements.txt (line 42)) (2025.7.14)
Requirement already satisfied: cffi>=1.12 in c:\users\vekou\appdata\roaming\python\python312\site-packages (from cryptography==41.0.7->-r requirements.txt (line 43)) (2.0.0)
Collecting botocore<1.33.0,>=1.32.7 (from boto3==1.29.7->-r requirements.txt (line 47))
  Using cached botocore-1.32.7-py3-none-any.whl.metadata (6.1 kB)
Collecting jmespath<2.0.0,>=0.7.1 (from boto3==1.29.7->-r requirements.txt (line 47))
  Using cached jmespath-1.1.0-py3-none-any.whl.metadata (7.6 kB)
Collecting s3transfer<0.9.0,>=0.8.0 (from boto3==1.29.7->-r requirements.txt (line 47))
  Using cached s3transfer-0.8.2-py3-none-any.whl.metadata (1.8 kB)
Requirement already satisfied: six>=1.5 in c:\python312\lib\site-packages (from python-dateutil==2.9.0.post0->-r requirements.txt (line 55)) (1.17.0)
Collecting python-http-client>=3.2.1 (from sendgrid==6.11.0->-r requirements.txt (line 72))
  Using cached python_http_client-3.3.7-py3-none-any.whl.metadata (6.9 kB)
Collecting starkbank-ecdsa>=2.0.1 (from sendgrid==6.11.0->-r requirements.txt (line 72))
  Using cached starkbank_ecdsa-2.3.1-py3-none-any.whl.metadata (8.6 kB)
Collecting south==1.0.2 (from django-security==1.1.6->-r requirements.txt (line 76))
  Using cached South-1.0.2.tar.gz (96 kB)
  Installing build dependencies: started
  Installing build dependencies: finished with status 'done'
  Getting requirements to build wheel: started
  Getting requirements to build wheel: finished with status 'done'
  Preparing metadata (pyproject.toml): started
  Preparing metadata (pyproject.toml): finished with status 'done'
Collecting ua_parser==0.18.0 (from django-security==1.1.6->-r requirements.txt (line 76))
  Using cached ua_parser-0.18.0-py2.py3-none-any.whl.metadata (1.4 kB)
Collecting autopep8 (from django-silk==5.0.4->-r requirements.txt (line 80))
  Using cached autopep8-2.3.2-py2.py3-none-any.whl.metadata (16 kB)
Collecting gprof2dot>=2017.09.19 (from django-silk==5.0.4->-r requirements.txt (line 80))
  Using cached gprof2dot-2025.4.14-py3-none-any.whl.metadata (19 kB)
Collecting geographiclib<3,>=1.52 (from geopy==2.4.1->-r requirements.txt (line 83))
  Using cached geographiclib-2.1-py3-none-any.whl.metadata (1.6 kB)
Collecting django-appconf (from django-imagekit==5.0.0->-r requirements.txt (line 95))
  Using cached django_appconf-1.2.0-py3-none-any.whl.metadata (5.5 kB)
Collecting ghp-import>=1.0 (from mkdocs==1.5.3->-r requirements.txt (line 102))
  Using cached ghp_import-2.1.0-py3-none-any.whl.metadata (7.2 kB)
Collecting jinja2>=2.11.1 (from mkdocs==1.5.3->-r requirements.txt (line 102))
  Using cached jinja2-3.1.6-py3-none-any.whl.metadata (2.9 kB)
Collecting markdown>=3.2.1 (from mkdocs==1.5.3->-r requirements.txt (line 102))
  Using cached markdown-3.10.2-py3-none-any.whl.metadata (5.1 kB)
Collecting markupsafe>=2.0.1 (from mkdocs==1.5.3->-r requirements.txt (line 102))
  Using cached markupsafe-3.0.3-cp312-cp312-win_amd64.whl.metadata (2.8 kB)
Collecting mergedeep>=1.3.4 (from mkdocs==1.5.3->-r requirements.txt (line 102))
  Using cached mergedeep-1.3.4-py3-none-any.whl.metadata (4.3 kB)
Collecting pathspec>=0.11.1 (from mkdocs==1.5.3->-r requirements.txt (line 102))
  Using cached pathspec-1.1.1-py3-none-any.whl.metadata (14 kB)
Collecting platformdirs>=2.2.0 (from mkdocs==1.5.3->-r requirements.txt (line 102))
  Using cached platformdirs-4.10.0-py3-none-any.whl.metadata (5.5 kB)
Collecting pyyaml-env-tag>=0.1 (from mkdocs==1.5.3->-r requirements.txt (line 102))
  Using cached pyyaml_env_tag-1.1-py3-none-any.whl.metadata (5.5 kB)
Collecting watchdog>=2.0 (from mkdocs==1.5.3->-r requirements.txt (line 102))
  Using cached watchdog-6.0.0-py3-none-win_amd64.whl.metadata (44 kB)
Collecting babel~=2.10 (from mkdocs-material==9.4.14->-r requirements.txt (line 103))
  Using cached babel-2.18.0-py3-none-any.whl.metadata (2.2 kB)
Collecting mkdocs-material-extensions~=1.3 (from mkdocs-material==9.4.14->-r requirements.txt (line 103))
  Using cached mkdocs_material_extensions-1.3.1-py3-none-any.whl.metadata (6.9 kB)
Collecting paginate~=0.5 (from mkdocs-material==9.4.14->-r requirements.txt (line 103))
  Using cached paginate-0.5.7-py2.py3-none-any.whl.metadata (11 kB)
Collecting pygments~=2.16 (from mkdocs-material==9.4.14->-r requirements.txt (line 103))
  Using cached pygments-2.20.0-py3-none-any.whl.metadata (2.5 kB)
Collecting pymdown-extensions~=10.2 (from mkdocs-material==9.4.14->-r requirements.txt (line 103))
  Using cached pymdown_extensions-10.21.3-py3-none-any.whl.metadata (3.1 kB)
Collecting regex>=2022.4 (from mkdocs-material==9.4.14->-r requirements.txt (line 103))
  Using cached regex-2026.7.10-cp312-cp312-win_amd64.whl.metadata (41 kB)
Collecting mypy-extensions>=0.4.3 (from black==23.11.0->-r requirements.txt (line 106))
  Using cached mypy_extensions-1.1.0-py3-none-any.whl.metadata (1.1 kB)
Collecting mccabe<0.8.0,>=0.7.0 (from flake8==6.1.0->-r requirements.txt (line 107))
  Using cached mccabe-0.7.0-py2.py3-none-any.whl.metadata (5.0 kB)
Collecting pycodestyle<2.12.0,>=2.11.0 (from flake8==6.1.0->-r requirements.txt (line 107))
  Using cached pycodestyle-2.11.1-py2.py3-none-any.whl.metadata (4.5 kB)
Collecting pyflakes<3.2.0,>=3.1.0 (from flake8==6.1.0->-r requirements.txt (line 107))
  Using cached pyflakes-3.1.0-py2.py3-none-any.whl.metadata (3.5 kB)
Collecting cfgv>=2.0.0 (from pre-commit==3.5.0->-r requirements.txt (line 109))
  Using cached cfgv-3.5.0-py2.py3-none-any.whl.metadata (8.9 kB)
Collecting identify>=1.0.0 (from pre-commit==3.5.0->-r requirements.txt (line 109))
  Using cached identify-2.6.19-py2.py3-none-any.whl.metadata (4.4 kB)
Collecting nodeenv>=0.11.1 (from pre-commit==3.5.0->-r requirements.txt (line 109))
  Using cached nodeenv-1.10.0-py2.py3-none-any.whl.metadata (24 kB)
Collecting virtualenv>=20.10.0 (from pre-commit==3.5.0->-r requirements.txt (line 109))
  Using cached virtualenv-21.6.1-py3-none-any.whl.metadata (3.4 kB)
Requirement already satisfied: cachecontrol>=0.12.6 in c:\users\vekou\appdata\roaming\python\python312\site-packages (from firebase-admin==6.3.0->-r requirements.txt (line 117)) (0.14.3)
Collecting google-api-python-client>=1.7.8 (from firebase-admin==6.3.0->-r requirements.txt (line 117))
  Using cached google_api_python_client-2.198.0-py3-none-any.whl.metadata (7.0 kB)
Requirement already satisfied: google-cloud-storage>=1.37.1 in c:\users\vekou\appdata\roaming\python\python312\site-packages (from firebase-admin==6.3.0->-r requirements.txt (line 117)) (3.2.0)
Requirement already satisfied: google-api-core<3.0.0dev,>=1.22.1 in c:\users\vekou\appdata\roaming\python\python312\site-packages (from google-api-core[grpc]<3.0.0dev,>=1.22.1; platform_python_implementation != "PyPy"->firebase-admin==6.3.0->-r requirements.txt (line 117)) (2.25.1)
Requirement already satisfied: google-cloud-firestore>=2.9.1 in c:\users\vekou\appdata\roaming\python\python312\site-packages (from firebase-admin==6.3.0->-r requirements.txt (line 117)) (2.21.0)
Collecting decorator (from ipython==8.17.2->-r requirements.txt (line 120))
  Using cached decorator-5.3.1-py3-none-any.whl.metadata (3.9 kB)
Collecting jedi>=0.16 (from ipython==8.17.2->-r requirements.txt (line 120))
  Using cached jedi-0.20.0-py2.py3-none-any.whl.metadata (23 kB)
Collecting matplotlib-inline (from ipython==8.17.2->-r requirements.txt (line 120))
  Using cached matplotlib_inline-0.2.2-py3-none-any.whl.metadata (2.4 kB)
Requirement already satisfied: prompt-toolkit!=3.0.37,<3.1.0,>=3.0.30 in c:\users\vekou\appdata\roaming\python\python312\site-packages (from ipython==8.17.2->-r requirements.txt (line 120)) (3.0.51)
Collecting stack-data (from ipython==8.17.2->-r requirements.txt (line 120))
  Using cached stack_data-0.6.3-py3-none-any.whl.metadata (18 kB)
Collecting traitlets>=5 (from ipython==8.17.2->-r requirements.txt (line 120))
  Using cached traitlets-5.15.1-py3-none-any.whl.metadata (10 kB)
Requirement already satisfied: cbor2>=5.2.0 in c:\users\vekou\appdata\roaming\python\python312\site-packages (from autobahn>=22.4.2->daphne==4.0.0->-r requirements.txt (line 38)) (5.9.0)
Requirement already satisfied: hyperlink>=21.0.0 in c:\users\vekou\appdata\roaming\python\python312\site-packages (from autobahn>=22.4.2->daphne==4.0.0->-r requirements.txt (line 38)) (21.0.0)
Requirement already satisfied: py-ubjson>=0.16.1 in c:\python312\lib\site-packages (from autobahn>=22.4.2->daphne==4.0.0->-r requirements.txt (line 38)) (0.16.1)
Requirement already satisfied: txaio>=25.12.2 in c:\python312\lib\site-packages (from autobahn>=22.4.2->daphne==4.0.0->-r requirements.txt (line 38)) (25.12.2)
Requirement already satisfied: ujson>=4.0.2 in c:\python312\lib\site-packages (from autobahn>=22.4.2->daphne==4.0.0->-r requirements.txt (line 38)) (5.12.0)
Collecting urllib3<3,>=1.21.1 (from requests==2.31.0->-r requirements.txt (line 42))
  Using cached urllib3-2.0.7-py3-none-any.whl.metadata (6.6 kB)
Requirement already satisfied: pycparser in c:\users\vekou\appdata\roaming\python\python312\site-packages (from cffi>=1.12->cryptography==41.0.7->-r requirements.txt (line 43)) (2.22)
Requirement already satisfied: googleapis-common-protos<2.0.0,>=1.56.2 in c:\users\vekou\appdata\roaming\python\python312\site-packages (from google-api-core<3.0.0dev,>=1.22.1->google-api-core[grpc]<3.0.0dev,>=1.22.1; platform_python_implementation != "PyPy"->firebase-admin==6.3.0->-r requirements.txt (line 117)) (1.70.0)
Requirement already satisfied: protobuf!=3.20.0,!=3.20.1,!=4.21.0,!=4.21.1,!=4.21.2,!=4.21.3,!=4.21.4,!=4.21.5,<7.0.0,>=3.19.5 in c:\users\vekou\appdata\roaming\python\python312\site-packages (from google-api-core<3.0.0dev,>=1.22.1->google-api-core[grpc]<3.0.0dev,>=1.22.1; platform_python_implementation != "PyPy"->firebase-admin==6.3.0->-r requirements.txt (line 117)) (6.31.1)
Requirement already satisfied: proto-plus<2.0.0,>=1.22.3 in c:\users\vekou\appdata\roaming\python\python312\site-packages (from google-api-core<3.0.0dev,>=1.22.1->google-api-core[grpc]<3.0.0dev,>=1.22.1; platform_python_implementation != "PyPy"->firebase-admin==6.3.0->-r requirements.txt (line 117)) (1.26.1)
Requirement already satisfied: google-auth<3.0.0,>=2.14.1 in c:\users\vekou\appdata\roaming\python\python312\site-packages (from google-api-core<3.0.0dev,>=1.22.1->google-api-core[grpc]<3.0.0dev,>=1.22.1; platform_python_implementation != "PyPy"->firebase-admin==6.3.0->-r requirements.txt (line 117)) (2.40.3)
Requirement already satisfied: grpcio<2.0.0,>=1.33.2 in c:\users\vekou\appdata\roaming\python\python312\site-packages (from google-api-core[grpc]<3.0.0dev,>=1.22.1; platform_python_implementation != "PyPy"->firebase-admin==6.3.0->-r requirements.txt (line 117)) (1.74.0)
Requirement already satisfied: grpcio-status<2.0.0,>=1.33.2 in c:\users\vekou\appdata\roaming\python\python312\site-packages (from google-api-core[grpc]<3.0.0dev,>=1.22.1; platform_python_implementation != "PyPy"->firebase-admin==6.3.0->-r requirements.txt (line 117)) (1.74.0)
Collecting httplib2<1.0.0,>=0.19.0 (from google-api-python-client>=1.7.8->firebase-admin==6.3.0->-r requirements.txt (line 117))
  Downloading httplib2-0.32.0-py3-none-any.whl.metadata (2.2 kB)
Collecting google-auth-httplib2<1.0.0,>=0.2.0 (from google-api-python-client>=1.7.8->firebase-admin==6.3.0->-r requirements.txt (line 117))
  Using cached google_auth_httplib2-0.4.0-py3-none-any.whl.metadata (3.0 kB)
Requirement already satisfied: google-cloud-core<3.0.0,>=1.4.1 in c:\users\vekou\appdata\roaming\python\python312\site-packages (from google-cloud-firestore>=2.9.1->firebase-admin==6.3.0->-r requirements.txt (line 117)) (2.4.3)
Requirement already satisfied: google-resumable-media<3.0.0,>=2.7.2 in c:\users\vekou\appdata\roaming\python\python312\site-packages (from google-cloud-storage>=1.37.1->firebase-admin==6.3.0->-r requirements.txt (line 117)) (2.7.2)
Requirement already satisfied: google-crc32c<2.0.0,>=1.1.3 in c:\users\vekou\appdata\roaming\python\python312\site-packages (from google-cloud-storage>=1.37.1->firebase-admin==6.3.0->-r requirements.txt (line 117)) (1.7.1)
Collecting parso<0.9.0,>=0.8.6 (from jedi>=0.16->ipython==8.17.2->-r requirements.txt (line 120))
  Using cached parso-0.8.7-py2.py3-none-any.whl.metadata (8.2 kB)
Requirement already satisfied: amqp<6.0.0,>=5.1.1 in c:\users\vekou\appdata\roaming\python\python312\site-packages (from kombu<6.0,>=5.3.2->celery==5.3.4->-r requirements.txt (line 31)) (5.3.1)
Requirement already satisfied: wcwidth in c:\users\vekou\appdata\roaming\python\python312\site-packages (from prompt-toolkit!=3.0.37,<3.1.0,>=3.0.30->ipython==8.17.2->-r requirements.txt (line 120)) (0.2.13)
INFO: pip is looking at multiple versions of s3transfer to determine which version is compatible with other requirements. This could take a while.
Collecting s3transfer<0.9.0,>=0.8.0 (from boto3==1.29.7->-r requirements.txt (line 47))
  Using cached s3transfer-0.8.0-py3-none-any.whl.metadata (1.8 kB)
Requirement already satisfied: attrs>=22.2.0 in c:\users\vekou\appdata\roaming\python\python312\site-packages (from twisted>=22.4->twisted[tls]>=22.4->daphne==4.0.0->-r requirements.txt (line 38)) (26.1.0)
Requirement already satisfied: automat>=24.8.0 in c:\users\vekou\appdata\roaming\python\python312\site-packages (from twisted>=22.4->twisted[tls]>=22.4->daphne==4.0.0->-r requirements.txt (line 38)) (25.4.16)
Requirement already satisfied: constantly>=15.1 in c:\users\vekou\appdata\roaming\python\python312\site-packages (from twisted>=22.4->twisted[tls]>=22.4->daphne==4.0.0->-r requirements.txt (line 38)) (23.10.4)
Requirement already satisfied: incremental>=24.7.0 in c:\python312\lib\site-packages (from twisted>=22.4->twisted[tls]>=22.4->daphne==4.0.0->-r requirements.txt (line 38)) (24.11.0)
Requirement already satisfied: zope-interface>=5 in c:\python312\lib\site-packages (from twisted>=22.4->twisted[tls]>=22.4->daphne==4.0.0->-r requirements.txt (line 38)) (8.2)
Requirement already satisfied: pyopenssl>=21.0.0 in c:\users\vekou\appdata\roaming\python\python312\site-packages (from twisted[tls]>=22.4->daphne==4.0.0->-r requirements.txt (line 38)) (26.0.0)
Requirement already satisfied: service-identity>=18.1.0 in c:\users\vekou\appdata\roaming\python\python312\site-packages (from twisted[tls]>=22.4->daphne==4.0.0->-r requirements.txt (line 38)) (24.2.0)
Collecting distlib<1,>=0.3.7 (from virtualenv>=20.10.0->pre-commit==3.5.0->-r requirements.txt (line 109))
  Using cached distlib-0.4.3-py2.py3-none-any.whl.metadata (5.3 kB)
Collecting filelock<4,>=3.24.2 (from virtualenv>=20.10.0->pre-commit==3.5.0->-r requirements.txt (line 109))
  Using cached filelock-3.29.7-py3-none-any.whl.metadata (2.0 kB)
Collecting python-discovery>=1.4.2 (from virtualenv>=20.10.0->pre-commit==3.5.0->-r requirements.txt (line 109))
  Downloading python_discovery-1.4.4-py3-none-any.whl.metadata (5.6 kB)
INFO: pip is looking at multiple versions of autopep8 to determine which version is compatible with other requirements. This could take a while.
Collecting autopep8 (from django-silk==5.0.4->-r requirements.txt (line 80))
  Downloading autopep8-2.3.1-py2.py3-none-any.whl.metadata (16 kB)
  Downloading autopep8-2.3.0-py2.py3-none-any.whl.metadata (16 kB)
  Downloading autopep8-2.2.0-py2.py3-none-any.whl.metadata (16 kB)
Collecting executing>=1.2.0 (from stack-data->ipython==8.17.2->-r requirements.txt (line 120))
  Downloading executing-2.2.1-py2.py3-none-any.whl.metadata (8.9 kB)
Collecting asttokens>=2.1.0 (from stack-data->ipython==8.17.2->-r requirements.txt (line 120))
  Downloading asttokens-3.0.2-py3-none-any.whl.metadata (5.7 kB)
Collecting pure-eval (from stack-data->ipython==8.17.2->-r requirements.txt (line 120))
  Downloading pure_eval-0.2.3-py3-none-any.whl.metadata (6.3 kB)
Requirement already satisfied: cachetools<6.0,>=2.0.0 in c:\users\vekou\appdata\roaming\python\python312\site-packages (from google-auth<3.0.0,>=2.14.1->google-api-core<3.0.0dev,>=1.22.1->google-api-core[grpc]<3.0.0dev,>=1.22.1; platform_python_implementation != "PyPy"->firebase-admin==6.3.0->-r requirements.txt (line 117)) (5.5.2)
Requirement already satisfied: pyasn1-modules>=0.2.1 in c:\users\vekou\appdata\roaming\python\python312\site-packages (from google-auth<3.0.0,>=2.14.1->google-api-core<3.0.0dev,>=1.22.1->google-api-core[grpc]<3.0.0dev,>=1.22.1; platform_python_implementation != "PyPy"->firebase-admin==6.3.0->-r requirements.txt (line 117)) (0.4.2)
Requirement already satisfied: rsa<5,>=3.1.4 in c:\users\vekou\appdata\roaming\python\python312\site-packages (from google-auth<3.0.0,>=2.14.1->google-api-core<3.0.0dev,>=1.22.1->google-api-core[grpc]<3.0.0dev,>=1.22.1; platform_python_implementation != "PyPy"->firebase-admin==6.3.0->-r requirements.txt (line 117)) (4.9.1)
Collecting pyparsing<4,>=3.1 (from httplib2<1.0.0,>=0.19.0->google-api-python-client>=1.7.8->firebase-admin==6.3.0->-r requirements.txt (line 117))
  Downloading pyparsing-3.3.2-py3-none-any.whl.metadata (5.8 kB)
INFO: pip is looking at multiple versions of pyopenssl to determine which version is compatible with other requirements. This could take a while.
Collecting pyopenssl>=21.0.0 (from twisted[tls]>=22.4->daphne==4.0.0->-r requirements.txt (line 38))
  Using cached pyopenssl-26.3.0-py3-none-any.whl.metadata (22 kB)
  Downloading pyopenssl-26.2.0-py3-none-any.whl.metadata (19 kB)
  Downloading pyopenssl-26.1.0-py3-none-any.whl.metadata (19 kB)
  Downloading pyopenssl-25.3.0-py3-none-any.whl.metadata (17 kB)
  Downloading pyopenssl-25.2.0-py3-none-any.whl.metadata (17 kB)
  Downloading pyopenssl-25.1.0-py3-none-any.whl.metadata (17 kB)
Requirement already satisfied: pyasn1 in c:\users\vekou\appdata\roaming\python\python312\site-packages (from service-identity>=18.1.Requirement already satisfied: pyasn1 in c:\users\vekou\appdata\roaming\pythonUsing cached Django-4.2.7-py3-none-any.whl (8.0 MB)
Using cached djangorestframework-3.14.0-py3-none-any.whl (1.1 MB)
Using cached django_cors_headers-4.3.0-py3-none-any.whl (12 kB)
Using cached psycopg2_binary-2.9.9-cp312-cp312-win_amd64.whl (1.2 MB)
Using cached dj_database_url-2.1.0-py3-none-any.whl (7.7 kB)
Using cached djangorestframework_simplejwt-5.3.0-py3-none-any.whl (101 kB)
Downloading PyJWT-2.8.0-py3-none-any.whl (22 kB)
Using cached drf_yasg-1.21.7-py3-none-any.whl (4.3 MB)
Downloading django_rosetta-0.9.9-py3-none-any.whl (115 kB)
   -------------------------------------- 115.5/115.5 kB 305.9 kB/s eta 0:00:00
Using cached django_debug_toolbar-4.2.0-py3-none-any.whl (223 kB)
Downloading pytest-7.4.3-py3-none-any.whl (325 kB)
   -------------------------------------- 325.1/325.1 kB 468.5 kB/s eta 0:00:00
Downloading pytest_django-4.6.0-py3-none-any.whl (2   -------------------------------------- 325.1/325.1 kB 268.6 kB/sDownloading Faker-20.0.3-py3-none-any.whl (1.7 MB)
   ---------------------------------------- 1.7/1.7 MB 969.9 kB/s eta 0:00:00
Using cached celery-5.3.4-py3-none-any.whl (421 kB)
Us   ---------------------------------------- 1.7/1.7 MB 456.9 kB/s eta 0:00:00
Using cached celery-5.3.4-py3-none-any.whl (421 kB)
Using cached redis-5.0.1-py3-none-any.whl (250 kB)
Using cached django_celery_beat-2.5.0-py3-none-any.whl (97 kB)
Using cached flower-2.0.1-py2.py3-none-any.whl (383 kB)
Using cached channels-4.0.0-py3-none-any.whl (28 kB)
Using cached daphne-4.0.0-py3-none-any.whl (30 kB)
Using cached channels_redis-4.1.0-py3-none-any.whl (18 kB)
Using cached requests-2.31.0-py3-none-any.whl (62 kB)
Using cached cryptography-41.0.7-cp37-abi3-win_amd64.whl (2.7 MB)
Downloading Pillow-10.1.0-cp312-cp312-win_amd64.whl (2.6 MB)
   ---------------------------------------- 2.6/2.6 MB 202.3 kB/s eta 0:00:00
Using cached boto3-1.29.7-py3-none-any.whl (135 kB)
Using cached django_storages-1.14.2-py3-none-any.whl (47 kB)
Using cached sentry_sdk-1.38.0-py2.py3-none-any.whl (252 kB)
Using cached django_prometheus-2.3.1-py2.py3-none-any.whl (29 kB)
Using cached pytz-2023.3-py2.py3-none-any.whl (502 kB)
Using cached django_environ-0.11.2-py2.py3-none-any.whl (19 kB)
Using cached django_redis-5.4.0-py3-none-any.whl (31 kB)
Using cached django_ratelimit-4.1.0-py2.py3-none-any.whl (11 kB)
Using cached django_ses-3.5.0-py3-none-any.whl (28 kB)
Using cached sendgrid-6.11.0-py3-none-any.whl (101 kB)
Using cached django_csp-3.7-py2.py3-none-any.whl (17 kB)
Using cached django_security-1.1.6-py3-none-any.whl (27 kB)
Downloading django_cachalot-2.6.1-py3-none-any.whl (55 kB)
   ---------------------------------------- 55.1/55.1 kB 955.4 kB/s eta 0:00:00
Downloading django_silk-5.0.4-py3-none-any.whl (1.8 MB)
   ---------------------------------------- 1.8/1.8 MB 669.0 kB/s eta 0:00:00
Downloading geopy-2.4.1-py3-none-any.whl (125 kB)
   -------------------------------------- 125.4/125.4 kB 817.0 kB/s eta 0:00:00
Downloading django_countries-7.5.1-py3-none-any.whl (843 kB)
   -------------------------------------- 843.2/843.2 kB 383.7 kB/s eta 0:00:00
Downloading marshmallow-3.20.1-py3-none-any.whl (49 kB)
   ---------------------------------------- 49.4/49.4 kB 417.0 kB/s eta 0:00:00
Downlo   ---------------------------------------- 1.8/1.8 MB 248.0 kB/s eta 0:00:00
Using cached geopy-2.4.1-py3-none-any.whl (125 kB)
Using cached django_countries-7.5.1-py3-none-any.whl (843 kB)
Using cached m   ---------------                          1.0/2.6 MB 386.2 kB/s eta 0:00:05
ld-7.2.0-py3-none-any.whl (66 kB)
Downloading phonenumbers-8.13.26-py2.py3-none-any.whl (2.6 MB)
   --                                       0.2/2.6 MB 132.7 kB/s eta 0:00:19
