INFO 2025-06-11 04:10:43,016 firebase_service 14884 2964 Firebase Admin SDK initialized successfully
Django OK
Tasks OK
